// Jest Snapshot v1, https://goo.gl/fbAQLP

exports[`Only component test 1`] = `
<div>
  <h6
    className="MuiTypography-root MuiTypography-h6 css-k4y317-MuiTypography-root"
  >
    Commit log
  </h6>
  <div
    className="MuiPaper-root MuiPaper-elevation MuiPaper-rounded MuiPaper-elevation1 MuiTableContainer-root css-1uzl8r8-MuiPaper-root-MuiTableContainer-root"
  >
    <table
      aria-label="Commits-table"
      className="MuiTable-root MuiTable-stickyHeader css-xn82ks-MuiTable-root"
      role={null}
    >
      <thead
        className="MuiTableHead-root css-15wwp11-MuiTableHead-root"
        role={null}
      >
        <tr
          className="MuiTableRow-root MuiTableRow-head css-1q1u3t4-MuiTableRow-root"
          role={null}
        >
          <th
            aria-sort={null}
            className="MuiTableCell-root MuiTableCell-head MuiTableCell-stickyHeader MuiTableCell-sizeMedium css-y8ay40-MuiTableCell-root"
            scope="col"
          />
          <th
            aria-sort={null}
            className="MuiTableCell-root MuiTableCell-head MuiTableCell-stickyHeader MuiTableCell-sizeMedium css-y8ay40-MuiTableCell-root"
            scope="col"
          >
            Title
          </th>
          <th
            aria-sort={null}
            className="MuiTableCell-root MuiTableCell-head MuiTableCell-stickyHeader MuiTableCell-sizeMedium css-y8ay40-MuiTableCell-root"
            scope="col"
          >
            Author
          </th>
          <th
            aria-sort={null}
            className="MuiTableCell-root MuiTableCell-head MuiTableCell-stickyHeader MuiTableCell-alignRight MuiTableCell-sizeMedium css-i02g0k-MuiTableCell-root"
            scope="col"
          >
            Date
          </th>
        </tr>
      </thead>
      <tbody
        className="MuiTableBody-root css-apqrd9-MuiTableBody-root"
        role={null}
      />
    </table>
  </div>
</div>
`;

exports[`Test with data 1`] = `
<div>
  <h6
    className="MuiTypography-root MuiTypography-h6 css-k4y317-MuiTypography-root"
  >
    Commit log
  </h6>
  <div
    className="MuiPaper-root MuiPaper-elevation MuiPaper-rounded MuiPaper-elevation1 MuiTableContainer-root css-1uzl8r8-MuiPaper-root-MuiTableContainer-root"
  >
    <table
      aria-label="Commits-table"
      className="MuiTable-root MuiTable-stickyHeader css-xn82ks-MuiTable-root"
      role={null}
    >
      <thead
        className="MuiTableHead-root css-15wwp11-MuiTableHead-root"
        role={null}
      >
        <tr
          className="MuiTableRow-root MuiTableRow-head css-1q1u3t4-MuiTableRow-root"
          role={null}
        >
          <th
            aria-sort={null}
            className="MuiTableCell-root MuiTableCell-head MuiTableCell-stickyHeader MuiTableCell-sizeMedium css-y8ay40-MuiTableCell-root"
            scope="col"
          />
          <th
            aria-sort={null}
            className="MuiTableCell-root MuiTableCell-head MuiTableCell-stickyHeader MuiTableCell-sizeMedium css-y8ay40-MuiTableCell-root"
            scope="col"
          >
            Title
          </th>
          <th
            aria-sort={null}
            className="MuiTableCell-root MuiTableCell-head MuiTableCell-stickyHeader MuiTableCell-sizeMedium css-y8ay40-MuiTableCell-root"
            scope="col"
          >
            Author
          </th>
          <th
            aria-sort={null}
            className="MuiTableCell-root MuiTableCell-head MuiTableCell-stickyHeader MuiTableCell-alignRight MuiTableCell-sizeMedium css-i02g0k-MuiTableCell-root"
            scope="col"
          >
            Date
          </th>
        </tr>
      </thead>
      <tbody
        className="MuiTableBody-root css-apqrd9-MuiTableBody-root"
        role={null}
      >
        <tr
          className="MuiTableRow-root css-2blr9s-MuiTableRow-root"
          role={null}
        >
          <td
            aria-sort={null}
            className="MuiTableCell-root MuiTableCell-body MuiTableCell-sizeMedium css-1ex1afd-MuiTableCell-root"
          >
            <button
              aria-label="expand row"
              className="MuiButtonBase-root MuiIconButton-root MuiIconButton-sizeSmall css-1pe4mpk-MuiButtonBase-root-MuiIconButton-root"
              disabled={false}
              onBlur={[Function]}
              onClick={[Function]}
              onContextMenu={[Function]}
              onDragLeave={[Function]}
              onFocus={[Function]}
              onKeyDown={[Function]}
              onKeyUp={[Function]}
              onMouseDown={[Function]}
              onMouseLeave={[Function]}
              onMouseUp={[Function]}
              onTouchEnd={[Function]}
              onTouchMove={[Function]}
              onTouchStart={[Function]}
              tabIndex={0}
              type="button"
            >
              <svg
                aria-hidden={true}
                className="MuiSvgIcon-root MuiSvgIcon-fontSizeMedium css-i4bv87-MuiSvgIcon-root"
                data-testid="KeyboardArrowDownIcon"
                focusable="false"
                viewBox="0 0 24 24"
              >
                <path
                  d="M7.41 8.59 12 13.17l4.59-4.58L18 10l-6 6-6-6 1.41-1.41z"
                />
              </svg>
            </button>
          </td>
          <th
            aria-sort={null}
            className="MuiTableCell-root MuiTableCell-body MuiTableCell-sizeMedium css-1ex1afd-MuiTableCell-root"
            scope="row"
          >
            Merge branch '27-fix-typos-in-types-ts' into 'main'
          </th>
          <td
            aria-sort={null}
            className="MuiTableCell-root MuiTableCell-body MuiTableCell-sizeMedium css-1ex1afd-MuiTableCell-root"
          >
            Victor Windsor Torbj√∏rn Norris
          </td>
          <td
            aria-sort={null}
            className="MuiTableCell-root MuiTableCell-body MuiTableCell-alignRight MuiTableCell-sizeMedium css-177gid-MuiTableCell-root"
          >
            26/09
          </td>
        </tr>
        <tr
          className="MuiTableRow-root css-1q1u3t4-MuiTableRow-root"
          role={null}
        >
          <td
            aria-sort={null}
            className="MuiTableCell-root MuiTableCell-body MuiTableCell-sizeMedium css-1ex1afd-MuiTableCell-root"
            colSpan={6}
            style={
              Object {
                "paddingBottom": 0,
                "paddingTop": 0,
              }
            }
          />
        </tr>
        <tr
          className="MuiTableRow-root css-2blr9s-MuiTableRow-root"
          role={null}
        >
          <td
            aria-sort={null}
            className="MuiTableCell-root MuiTableCell-body MuiTableCell-sizeMedium css-1ex1afd-MuiTableCell-root"
          >
            <button
              aria-label="expand row"
              className="MuiButtonBase-root MuiIconButton-root MuiIconButton-sizeSmall css-1pe4mpk-MuiButtonBase-root-MuiIconButton-root"
              disabled={false}
              onBlur={[Function]}
              onClick={[Function]}
              onContextMenu={[Function]}
              onDragLeave={[Function]}
              onFocus={[Function]}
              onKeyDown={[Function]}
              onKeyUp={[Function]}
              onMouseDown={[Function]}
              onMouseLeave={[Function]}
              onMouseUp={[Function]}
              onTouchEnd={[Function]}
              onTouchMove={[Function]}
              onTouchStart={[Function]}
              tabIndex={0}
              type="button"
            >
              <svg
                aria-hidden={true}
                className="MuiSvgIcon-root MuiSvgIcon-fontSizeMedium css-i4bv87-MuiSvgIcon-root"
                data-testid="KeyboardArrowDownIcon"
                focusable="false"
                viewBox="0 0 24 24"
              >
                <path
                  d="M7.41 8.59 12 13.17l4.59-4.58L18 10l-6 6-6-6 1.41-1.41z"
                />
              </svg>
            </button>
          </td>
          <th
            aria-sort={null}
            className="MuiTableCell-root MuiTableCell-body MuiTableCell-sizeMedium css-1ex1afd-MuiTableCell-root"
            scope="row"
          >
            refactor(#27): fix the typos in types.ts
          </th>
          <td
            aria-sort={null}
            className="MuiTableCell-root MuiTableCell-body MuiTableCell-sizeMedium css-1ex1afd-MuiTableCell-root"
          >
            bjerkemj
          </td>
          <td
            aria-sort={null}
            className="MuiTableCell-root MuiTableCell-body MuiTableCell-alignRight MuiTableCell-sizeMedium css-177gid-MuiTableCell-root"
          >
            26/09
          </td>
        </tr>
        <tr
          className="MuiTableRow-root css-1q1u3t4-MuiTableRow-root"
          role={null}
        >
          <td
            aria-sort={null}
            className="MuiTableCell-root MuiTableCell-body MuiTableCell-sizeMedium css-1ex1afd-MuiTableCell-root"
            colSpan={6}
            style={
              Object {
                "paddingBottom": 0,
                "paddingTop": 0,
              }
            }
          />
        </tr>
        <tr
          className="MuiTableRow-root css-2blr9s-MuiTableRow-root"
          role={null}
        >
          <td
            aria-sort={null}
            className="MuiTableCell-root MuiTableCell-body MuiTableCell-sizeMedium css-1ex1afd-MuiTableCell-root"
          >
            <button
              aria-label="expand row"
              className="MuiButtonBase-root MuiIconButton-root MuiIconButton-sizeSmall css-1pe4mpk-MuiButtonBase-root-MuiIconButton-root"
              disabled={false}
              onBlur={[Function]}
              onClick={[Function]}
              onContextMenu={[Function]}
              onDragLeave={[Function]}
              onFocus={[Function]}
              onKeyDown={[Function]}
              onKeyUp={[Function]}
              onMouseDown={[Function]}
              onMouseLeave={[Function]}
              onMouseUp={[Function]}
              onTouchEnd={[Function]}
              onTouchMove={[Function]}
              onTouchStart={[Function]}
              tabIndex={0}
              type="button"
            >
              <svg
                aria-hidden={true}
                className="MuiSvgIcon-root MuiSvgIcon-fontSizeMedium css-i4bv87-MuiSvgIcon-root"
                data-testid="KeyboardArrowDownIcon"
                focusable="false"
                viewBox="0 0 24 24"
              >
                <path
                  d="M7.41 8.59 12 13.17l4.59-4.58L18 10l-6 6-6-6 1.41-1.41z"
                />
              </svg>
            </button>
          </td>
          <th
            aria-sort={null}
            className="MuiTableCell-root MuiTableCell-body MuiTableCell-sizeMedium css-1ex1afd-MuiTableCell-root"
            scope="row"
          >
            Merge branch '5-create-simple-design-prototype' into 'main'
          </th>
          <td
            aria-sort={null}
            className="MuiTableCell-root MuiTableCell-body MuiTableCell-sizeMedium css-1ex1afd-MuiTableCell-root"
          >
            Victor Windsor Torbj√∏rn Norris
          </td>
          <td
            aria-sort={null}
            className="MuiTableCell-root MuiTableCell-body MuiTableCell-alignRight MuiTableCell-sizeMedium css-177gid-MuiTableCell-root"
          >
            19/09
          </td>
        </tr>
        <tr
          className="MuiTableRow-root css-1q1u3t4-MuiTableRow-root"
          role={null}
        >
          <td
            aria-sort={null}
            className="MuiTableCell-root MuiTableCell-body MuiTableCell-sizeMedium css-1ex1afd-MuiTableCell-root"
            colSpan={6}
            style={
              Object {
                "paddingBottom": 0,
                "paddingTop": 0,
              }
            }
          />
        </tr>
        <tr
          className="MuiTableRow-root css-2blr9s-MuiTableRow-root"
          role={null}
        >
          <td
            aria-sort={null}
            className="MuiTableCell-root MuiTableCell-body MuiTableCell-sizeMedium css-1ex1afd-MuiTableCell-root"
          >
            <button
              aria-label="expand row"
              className="MuiButtonBase-root MuiIconButton-root MuiIconButton-sizeSmall css-1pe4mpk-MuiButtonBase-root-MuiIconButton-root"
              disabled={false}
              onBlur={[Function]}
              onClick={[Function]}
              onContextMenu={[Function]}
              onDragLeave={[Function]}
              onFocus={[Function]}
              onKeyDown={[Function]}
              onKeyUp={[Function]}
              onMouseDown={[Function]}
              onMouseLeave={[Function]}
              onMouseUp={[Function]}
              onTouchEnd={[Function]}
              onTouchMove={[Function]}
              onTouchStart={[Function]}
              tabIndex={0}
              type="button"
            >
              <svg
                aria-hidden={true}
                className="MuiSvgIcon-root MuiSvgIcon-fontSizeMedium css-i4bv87-MuiSvgIcon-root"
                data-testid="KeyboardArrowDownIcon"
                focusable="false"
                viewBox="0 0 24 24"
              >
                <path
                  d="M7.41 8.59 12 13.17l4.59-4.58L18 10l-6 6-6-6 1.41-1.41z"
                />
              </svg>
            </button>
          </td>
          <th
            aria-sort={null}
            className="MuiTableCell-root MuiTableCell-body MuiTableCell-sizeMedium css-1ex1afd-MuiTableCell-root"
            scope="row"
          >
            feature(#5): properly displays projectname
          </th>
          <td
            aria-sort={null}
            className="MuiTableCell-root MuiTableCell-body MuiTableCell-sizeMedium css-1ex1afd-MuiTableCell-root"
          >
            bjerkemj
          </td>
          <td
            aria-sort={null}
            className="MuiTableCell-root MuiTableCell-body MuiTableCell-alignRight MuiTableCell-sizeMedium css-177gid-MuiTableCell-root"
          >
            19/09
          </td>
        </tr>
        <tr
          className="MuiTableRow-root css-1q1u3t4-MuiTableRow-root"
          role={null}
        >
          <td
            aria-sort={null}
            className="MuiTableCell-root MuiTableCell-body MuiTableCell-sizeMedium css-1ex1afd-MuiTableCell-root"
            colSpan={6}
            style={
              Object {
                "paddingBottom": 0,
                "paddingTop": 0,
              }
            }
          />
        </tr>
        <tr
          className="MuiTableRow-root css-2blr9s-MuiTableRow-root"
          role={null}
        >
          <td
            aria-sort={null}
            className="MuiTableCell-root MuiTableCell-body MuiTableCell-sizeMedium css-1ex1afd-MuiTableCell-root"
          >
            <button
              aria-label="expand row"
              className="MuiButtonBase-root MuiIconButton-root MuiIconButton-sizeSmall css-1pe4mpk-MuiButtonBase-root-MuiIconButton-root"
              disabled={false}
              onBlur={[Function]}
              onClick={[Function]}
              onContextMenu={[Function]}
              onDragLeave={[Function]}
              onFocus={[Function]}
              onKeyDown={[Function]}
              onKeyUp={[Function]}
              onMouseDown={[Function]}
              onMouseLeave={[Function]}
              onMouseUp={[Function]}
              onTouchEnd={[Function]}
              onTouchMove={[Function]}
              onTouchStart={[Function]}
              tabIndex={0}
              type="button"
            >
              <svg
                aria-hidden={true}
                className="MuiSvgIcon-root MuiSvgIcon-fontSizeMedium css-i4bv87-MuiSvgIcon-root"
                data-testid="KeyboardArrowDownIcon"
                focusable="false"
                viewBox="0 0 24 24"
              >
                <path
                  d="M7.41 8.59 12 13.17l4.59-4.58L18 10l-6 6-6-6 1.41-1.41z"
                />
              </svg>
            </button>
          </td>
          <th
            aria-sort={null}
            className="MuiTableCell-root MuiTableCell-body MuiTableCell-sizeMedium css-1ex1afd-MuiTableCell-root"
            scope="row"
          >
            Add package-lock to .gitignore
          </th>
          <td
            aria-sort={null}
            className="MuiTableCell-root MuiTableCell-body MuiTableCell-sizeMedium css-1ex1afd-MuiTableCell-root"
          >
            bjerkemj
          </td>
          <td
            aria-sort={null}
            className="MuiTableCell-root MuiTableCell-body MuiTableCell-alignRight MuiTableCell-sizeMedium css-177gid-MuiTableCell-root"
          >
            19/09
          </td>
        </tr>
        <tr
          className="MuiTableRow-root css-1q1u3t4-MuiTableRow-root"
          role={null}
        >
          <td
            aria-sort={null}
            className="MuiTableCell-root MuiTableCell-body MuiTableCell-sizeMedium css-1ex1afd-MuiTableCell-root"
            colSpan={6}
            style={
              Object {
                "paddingBottom": 0,
                "paddingTop": 0,
              }
            }
          />
        </tr>
      </tbody>
    </table>
  </div>
</div>
`;
