// Jest Snapshot v1, https://goo.gl/fbAQLP

exports[`Matches snapshot 1`] = `
<div>
  <h1>
    Issues Component
  </h1>
  <div
    className="MuiPaper-root MuiPaper-elevation MuiPaper-rounded MuiPaper-elevation1 MuiTableContainer-root css-11xur9t-MuiPaper-root-MuiTableContainer-root"
  >
    <table
      aria-label="Commits-table"
      className="MuiTable-root css-rqglhn-MuiTable-root"
      role={null}
    >
      <thead
        className="MuiTableHead-root css-15wwp11-MuiTableHead-root"
        role={null}
      >
        <tr
          className="MuiTableRow-root MuiTableRow-head css-1q1u3t4-MuiTableRow-root"
          role={null}
        >
          <th
            aria-sort={null}
            className="MuiTableCell-root MuiTableCell-head MuiTableCell-sizeMedium css-1ygcj2i-MuiTableCell-root"
            scope="col"
          />
          <th
            aria-sort={null}
            className="MuiTableCell-root MuiTableCell-head MuiTableCell-sizeMedium css-1ygcj2i-MuiTableCell-root"
            scope="col"
          >
            Issue
          </th>
          <th
            aria-sort={null}
            className="MuiTableCell-root MuiTableCell-head MuiTableCell-sizeMedium css-1ygcj2i-MuiTableCell-root"
            scope="col"
          >
            Author
          </th>
          <th
            aria-sort={null}
            className="MuiTableCell-root MuiTableCell-head MuiTableCell-sizeMedium css-1ygcj2i-MuiTableCell-root"
            scope="col"
          >
            Date created
          </th>
          <th
            aria-sort={null}
            className="MuiTableCell-root MuiTableCell-head MuiTableCell-alignRight MuiTableCell-sizeMedium css-1azl6jz-MuiTableCell-root"
            scope="col"
          >
            Date closed
          </th>
        </tr>
      </thead>
      <tbody
        className="MuiTableBody-root css-apqrd9-MuiTableBody-root"
        role={null}
      />
    </table>
  </div>
</div>
`;
